# Log da API (JSON, I5) durante o cenario `sujo` e o teste de chave de API — 20/09/2026
# Uma linha por descarte. Nenhuma delas virou linha no banco.

{"ts": "2026-09-20T11:46:02-0300", "level": "WARNING", "logger": "app.mqtt.bridge", "message": "JSON inválido em agrishield/fiap-sompo-2026-e2e-c62dff50/devices/tractor-02/status; mensagem descartada: "}
{"ts": "2026-09-20T11:46:04-0300", "level": "WARNING", "logger": "app.mqtt.bridge", "message": "JSON inválido em agrishield/fiap-sompo-2026-e2e-c62dff50/devices/tractor-02/telemetry; mensagem descartada: {\"device_id\":\"tractor-02\",\"ts\":1789500000,\"seq\":1,"}
{"ts": "2026-09-20T11:46:04-0300", "level": "WARNING", "logger": "app.mqtt.bridge", "message": "Payload de agrishield/fiap-sompo-2026-e2e-c62dff50/devices/tractor-02/telemetry fora do contrato; descartado. tilt_limit_deg: Field required"}
{"ts": "2026-09-20T11:46:04-0300", "level": "WARNING", "logger": "app.mqtt.bridge", "message": "Payload de agrishield/fiap-sompo-2026-e2e-c62dff50/devices/tractor-02/telemetry fora do contrato; descartado. fire_conditions: Input should be less than or equal to 3"}
{"ts": "2026-09-20T11:46:04-0300", "level": "WARNING", "logger": "app.mqtt.bridge", "message": "Payload de agrishield/fiap-sompo-2026-e2e-c62dff50/devices/tractor-02/telemetry fora do contrato; descartado. tilt_limit_deg: Input should be greater than 0"}
{"ts": "2026-09-20T11:46:04-0300", "level": "WARNING", "logger": "app.mqtt.bridge", "message": "Payload de agrishield/fiap-sompo-2026-e2e-c62dff50/devices/tractor-02/telemetry fora do contrato; descartado. alert_level: Input should be 'green', 'yellow', 'red' or 'rollover'"}
{"ts": "2026-09-20T11:46:04-0300", "level": "WARNING", "logger": "app.mqtt.bridge", "message": "O 'device_id' do payload ('intruso-99') não é o do tópico ('tractor-02'); descartado. O broker é público, então a API não confia no payload divergente."}
{"ts": "2026-09-20T11:46:04-0300", "level": "WARNING", "logger": "app.mqtt.bridge", "message": "Payload de agrishield/fiap-sompo-2026-e2e-c62dff50/devices/tractor-02/telemetry não é um objeto JSON; descartado."}
{"ts": "2026-09-20T11:46:05-0300", "level": "WARNING", "logger": "app.mqtt.bridge", "message": "JSON inválido em agrishield/fiap-sompo-2026-e2e-c62dff50/devices/tractor-02/telemetry; mensagem descartada: "}
{"ts": "2026-09-20T11:46:05-0300", "level": "WARNING", "logger": "app.mqtt.bridge", "message": "Payload de agrishield/fiap-sompo-2026-e2e-c62dff50/devices/tractor-02/events fora do contrato; descartado. event_id: Field required"}
{"ts": "2026-09-20T11:46:05-0300", "level": "WARNING", "logger": "app.mqtt.bridge", "message": "Payload de agrishield/fiap-sompo-2026-e2e-c62dff50/devices/tractor-02/events fora do contrato; descartado. type: Input should be 'tilt_alert', 'rollover', 'incident_report' or 'limit_applied'"}
{"ts": "2026-09-20T11:46:05-0300", "level": "WARNING", "logger": "app.mqtt.bridge", "message": "Payload de agrishield/fiap-sompo-2026-e2e-c62dff50/devices/tractor-02/status fora do contrato; descartado. state: Input should be 'online' or 'offline'"}
{"ts": "2026-09-20T11:46:05-0300", "level": "WARNING", "logger": "app.mqtt.bridge", "message": "JSON inválido em agrishield/fiap-sompo-2026-e2e-c62dff50/devices/tractor-02/status; mensagem descartada: "}
{"ts": "2026-09-20T11:46:05-0300", "level": "WARNING", "logger": "app.core.security", "message": "Acesso negado em POST /api/v1/devices/tractor-02/limit/publish: chave de API (ausente).", "request_id": "aa3c86cf7fc0480e92a2966106f248e3"}
{"ts": "2026-09-20T11:46:05-0300", "level": "WARNING", "logger": "app.core.security", "message": "Acesso negado em GET /api/v1/audit: chave de API ****rada.", "request_id": "546101a45b6b46d180e55858cd36fdd1"}
{"ts": "2026-09-20T11:46:08-0300", "level": "WARNING", "logger": "app.mqtt.bridge", "message": "JSON inválido em agrishield/fiap-sompo-2026-e2e-c62dff50/devices/tractor-02/status; mensagem descartada: "}
{"ts": "2026-09-20T11:46:11-0300", "level": "WARNING", "logger": "app.mqtt.bridge", "message": "JSON inválido em agrishield/fiap-sompo-2026-e2e-c62dff50/devices/tractor-02/status; mensagem descartada: "}
{"ts": "2026-09-20T11:46:16-0300", "level": "WARNING", "logger": "app.mqtt.bridge", "message": "JSON inválido em agrishield/fiap-sompo-2026-e2e-c62dff50/devices/tractor-02/status; mensagem descartada: "}
{"ts": "2026-09-20T11:46:34-0300", "level": "WARNING", "logger": "app.mqtt.bridge", "message": "JSON inválido em agrishield/fiap-sompo-2026-e2e-c62dff50/devices/tractor-02/status; mensagem descartada: "}
{"ts": "2026-09-20T11:46:39-0300", "level": "WARNING", "logger": "app.mqtt.bridge", "message": "JSON inválido em agrishield/fiap-sompo-2026-e2e-c62dff50/devices/tractor-02/status; mensagem descartada: "}
{"ts": "2026-09-20T11:46:44-0300", "level": "WARNING", "logger": "app.mqtt.bridge", "message": "JSON inválido em agrishield/fiap-sompo-2026-e2e-c62dff50/devices/tractor-02/status; mensagem descartada: "}
{"ts": "2026-09-20T11:46:46-0300", "level": "WARNING", "logger": "app.mqtt.bridge", "message": "JSON inválido em agrishield/fiap-sompo-2026-e2e-c62dff50/devices/tractor-02/status; mensagem descartada: "}
