# Execução de scripts/build_dataset.py em 21/09/2026 (D2, retomada)
# Comando: uv run --project api python scripts/build_dataset.py -n 2500
#
# O log bruto tem 4.832 linhas e 1,3 MB (uma por requisição HTTP). Aqui ficam o progresso e
# uma amostra das recusas; as contagens abaixo são do log inteiro:
#
#   requisições .................. 2.871
#   respostas 200 ................ 2.226  (1.186 elevação + 656 archive + 384 historical)
#   respostas 429 ................ 644    (450 archive = 41% · 194 elevação = 14%)
#   respostas 503 ................ 1      (2.226 + 644 + 1 = 2.871, a conta fecha)
#   'Daily API request limit' .... 0      <- NÃO conclua nada daqui: o cliente chama
#                                          raise_for_status() e o corpo da resposta nunca
#                                          chega ao log. Os 429 podem ser de cota diária.
#   esperas de recuo ............. 487    (165 de 15 s · 161 de 45 s · 161 de 120 s)
#   descartes .................... 47 sem elevação · 112 janelas de clima recusadas
#
# Fechamento: scripts/build_dataset.py -n 2500 --consolidar -> 2.256 linhas.

## Progresso
Retomando: 1184 linhas já prontas em .dataset_parcial.jsonl
Amostra: 2500 apólices · pendentes: 1316
  50/1316 linhas · 100 chamadas · ETA 33 min
  100/1316 linhas · 200 chamadas · ETA 30 min
  150/1316 linhas · 300 chamadas · ETA 28 min
  200/1316 linhas · 400 chamadas · ETA 26 min
  250/1316 linhas · 500 chamadas · ETA 24 min
  300/1316 linhas · 600 chamadas · ETA 23 min
  350/1316 linhas · 698 chamadas · ETA 22 min
  400/1316 linhas · 797 chamadas · ETA 21 min
  450/1316 linhas · 897 chamadas · ETA 20 min
  500/1316 linhas · 997 chamadas · ETA 19 min
  550/1316 linhas · 1096 chamadas · ETA 17 min
  600/1316 linhas · 1196 chamadas · ETA 16 min
  650/1316 linhas · 1294 chamadas · ETA 15 min
  700/1316 linhas · 1392 chamadas · ETA 14 min
  750/1316 linhas · 1491 chamadas · ETA 13 min
  800/1316 linhas · 1590 chamadas · ETA 12 min
  850/1316 linhas · 1704 chamadas · ETA 38 min
  900/1316 linhas · 1803 chamadas · ETA 32 min
  950/1316 linhas · 1901 chamadas · ETA 27 min
  1000/1316 linhas · 1999 chamadas · ETA 23 min
  1050/1316 linhas · 2144 chamadas · ETA 61 min

## Amostra das recusas (primeiras 6 e últimas 6 de 644)
WARNING Open-Meteo recusou (tentativa 1); esperando 15s
WARNING Open-Meteo recusou (tentativa 1); esperando 15s
WARNING Open-Meteo recusou (tentativa 1); esperando 15s
WARNING Open-Meteo recusou (tentativa 2); esperando 45s
WARNING Open-Meteo recusou (tentativa 3); esperando 120s
WARNING Open-Meteo recusou (tentativa 1); esperando 15s
WARNING Open-Meteo recusou (tentativa 1); esperando 15s
WARNING Open-Meteo recusou (tentativa 2); esperando 45s
WARNING Open-Meteo recusou (tentativa 3); esperando 120s
WARNING Open-Meteo recusou (tentativa 1); esperando 15s
WARNING Open-Meteo recusou (tentativa 2); esperando 45s
WARNING Open-Meteo recusou (tentativa 3); esperando 120s

## Como uma recusa aparece no log (exemplo completo)
INFO HTTP Request: GET https://archive-api.open-meteo.com/v1/archive?latitude=-19.250000&longitude=-48.000000&hourly=temperature_2m%2Crelative_humidity_2m%2Cprecipitation%2Cweather_code%2Cwind_speed_10m%2Cwind_gusts_10m%2Csoil_moisture_0_to
ERROR Open-Meteo indisponível (Client error '429 Too Many Requests' for url 'https://archive-api.open-meteo.com/v1/archive?latitude=-19.250000&longitude=-48.000000&hourly=temperature_2m%2Crelative_humidity_2m%2Cprecipitation%2Cweather_code%
For more information check: https://developer.mozilla.org/en-US/docs/Web/HTTP/Status/429) e sem cache para https://archive-api.open-meteo.com/v1/archive.
